// Vitest Snapshot v1, https://vitest.dev/guide/snapshot.html

exports[`--uxm-* variables read by src/ui stylesheets > exports the pinned variable names 1`] = `
[
  "--uxm-app-sidebar-background-color",
  "--uxm-app-sidebar-border-color",
  "--uxm-app-sidebar-collapsed-width",
  "--uxm-app-sidebar-expanded-width",
  "--uxm-app-sidebar-footer-color",
  "--uxm-app-sidebar-footer-gap",
  "--uxm-app-sidebar-footer-padding",
  "--uxm-app-sidebar-heading-color",
  "--uxm-app-sidebar-lead-gap",
  "--uxm-app-sidebar-lead-padding",
  "--uxm-app-top-bar-background-color",
  "--uxm-app-top-bar-border-color",
  "--uxm-app-top-bar-gap",
  "--uxm-app-top-bar-height",
  "--uxm-app-top-bar-padding-x",
  "--uxm-app-top-bar-padding-y",
  "--uxm-app-top-bar-search-max-width",
  "--uxm-avatar-background-color",
  "--uxm-avatar-border-color",
  "--uxm-avatar-border-radius",
  "--uxm-avatar-border-width",
  "--uxm-avatar-color",
  "--uxm-avatar-font-size",
  "--uxm-avatar-font-weight",
  "--uxm-avatar-size",
  "--uxm-avatar-small-font-size",
  "--uxm-avatar-small-size",
  "--uxm-back-link-active-color",
  "--uxm-back-link-color",
  "--uxm-back-link-disabled-color",
  "--uxm-back-link-disabled-opacity",
  "--uxm-back-link-focus-color",
  "--uxm-back-link-focus-ring-color",
  "--uxm-back-link-font-size",
  "--uxm-back-link-font-weight",
  "--uxm-back-link-gap",
  "--uxm-back-link-hover-color",
  "--uxm-badge-accent-bg",
  "--uxm-badge-accent-dot-color",
  "--uxm-badge-accent-text",
  "--uxm-badge-count-border-radius",
  "--uxm-badge-count-font-size",
  "--uxm-badge-count-font-weight",
  "--uxm-badge-count-min-width",
  "--uxm-badge-count-padding-x",
  "--uxm-badge-count-padding-y",
  "--uxm-badge-danger-bg",
  "--uxm-badge-danger-dot-color",
  "--uxm-badge-danger-text",
  "--uxm-badge-dot-size",
  "--uxm-badge-info-bg",
  "--uxm-badge-info-dot-color",
  "--uxm-badge-info-text",
  "--uxm-badge-label-color",
  "--uxm-badge-label-font-size",
  "--uxm-badge-label-font-weight",
  "--uxm-badge-label-gap",
  "--uxm-badge-neutral-bg",
  "--uxm-badge-neutral-dot-color",
  "--uxm-badge-neutral-text",
  "--uxm-badge-success-bg",
  "--uxm-badge-success-dot-color",
  "--uxm-badge-success-text",
  "--uxm-badge-warning-bg",
  "--uxm-badge-warning-dot-color",
  "--uxm-badge-warning-text",
  "--uxm-banner-border-radius",
  "--uxm-banner-error-bg",
  "--uxm-banner-error-border",
  "--uxm-banner-error-text",
  "--uxm-banner-font-size",
  "--uxm-banner-info-bg",
  "--uxm-banner-info-border",
  "--uxm-banner-info-text",
  "--uxm-banner-padding-x",
  "--uxm-banner-padding-y",
  "--uxm-banner-success-bg",
  "--uxm-banner-success-border",
  "--uxm-banner-success-text",
  "--uxm-banner-warning-bg",
  "--uxm-banner-warning-border",
  "--uxm-banner-warning-text",
  "--uxm-breadcrumb-active-font-weight",
  "--uxm-breadcrumb-active-text",
  "--uxm-breadcrumb-current-color",
  "--uxm-breadcrumb-current-weight",
  "--uxm-breadcrumb-disabled-opacity",
  "--uxm-breadcrumb-disabled-text",
  "--uxm-breadcrumb-focus-ring",
  "--uxm-breadcrumb-focus-text",
  "--uxm-breadcrumb-font-size",
  "--uxm-breadcrumb-gap",
  "--uxm-breadcrumb-hover-text",
  "--uxm-breadcrumb-inactive-text",
  "--uxm-breadcrumb-link-color",
  "--uxm-breadcrumb-link-hover-color",
  "--uxm-breadcrumb-link-weight",
  "--uxm-breadcrumb-separator-color",
  "--uxm-breadcrumb-separator-size",
  "--uxm-breadcrumb-underline-offset",
  "--uxm-breadcrumb-underline-thickness",
  "--uxm-bulk-action-bar-action-color",
  "--uxm-bulk-action-bar-action-hover-bg",
  "--uxm-bulk-action-bar-action-radius",
  "--uxm-bulk-action-bar-background-color",
  "--uxm-bulk-action-bar-border-color",
  "--uxm-bulk-action-bar-border-radius",
  "--uxm-bulk-action-bar-color",
  "--uxm-bulk-action-bar-danger-color",
  "--uxm-bulk-action-bar-danger-hover-bg",
  "--uxm-bulk-action-bar-divider-color",
  "--uxm-bulk-action-bar-font-size",
  "--uxm-bulk-action-bar-gap",
  "--uxm-bulk-action-bar-padding-x",
  "--uxm-bulk-action-bar-padding-y",
  "--uxm-bulk-action-bar-shadow-blur",
  "--uxm-bulk-action-bar-shadow-color",
  "--uxm-bulk-action-bar-shadow-offset-y",
  "--uxm-button-danger-active-background-color",
  "--uxm-button-danger-active-border-color",
  "--uxm-button-danger-active-color",
  "--uxm-button-danger-background-color",
  "--uxm-button-danger-border-color",
  "--uxm-button-danger-border-radius",
  "--uxm-button-danger-color",
  "--uxm-button-danger-disabled-color",
  "--uxm-button-danger-disabled-opacity",
  "--uxm-button-danger-focus-color",
  "--uxm-button-danger-focus-ring-color",
  "--uxm-button-danger-font-size",
  "--uxm-button-danger-font-weight",
  "--uxm-button-danger-gap",
  "--uxm-button-danger-hover-background-color",
  "--uxm-button-danger-hover-border-color",
  "--uxm-button-danger-hover-color",
  "--uxm-button-danger-padding-x",
  "--uxm-button-danger-padding-y",
  "--uxm-button-ghost-active-background-color",
  "--uxm-button-ghost-active-color",
  "--uxm-button-ghost-background-color",
  "--uxm-button-ghost-border-radius",
  "--uxm-button-ghost-color",
  "--uxm-button-ghost-disabled-color",
  "--uxm-button-ghost-disabled-opacity",
  "--uxm-button-ghost-focus-color",
  "--uxm-button-ghost-focus-ring-color",
  "--uxm-button-ghost-font-size",
  "--uxm-button-ghost-font-weight",
  "--uxm-button-ghost-gap",
  "--uxm-button-ghost-hover-background-color",
  "--uxm-button-ghost-hover-color",
  "--uxm-button-ghost-padding-x",
  "--uxm-button-ghost-padding-y",
  "--uxm-button-group-active-bg",
  "--uxm-button-group-active-text",
  "--uxm-button-group-border-color",
  "--uxm-button-group-disabled-bg",
  "--uxm-button-group-disabled-opacity",
  "--uxm-button-group-disabled-text",
  "--uxm-button-group-focus-ring",
  "--uxm-button-group-focus-text",
  "--uxm-button-group-font-size",
  "--uxm-button-group-hover-bg",
  "--uxm-button-group-hover-text",
  "--uxm-button-group-inactive-bg",
  "--uxm-button-group-inactive-text",
  "--uxm-button-group-padding-x",
  "--uxm-button-group-padding-y",
  "--uxm-button-icon-active-background-color",
  "--uxm-button-icon-active-color",
  "--uxm-button-icon-background-color",
  "--uxm-button-icon-border-radius",
  "--uxm-button-icon-color",
  "--uxm-button-icon-disabled-color",
  "--uxm-button-icon-disabled-opacity",
  "--uxm-button-icon-focus-color",
  "--uxm-button-icon-focus-ring-color",
  "--uxm-button-icon-hover-background-color",
  "--uxm-button-icon-hover-color",
  "--uxm-button-icon-icon-size",
  "--uxm-button-icon-size",
  "--uxm-button-primary-active-background-color",
  "--uxm-button-primary-active-color",
  "--uxm-button-primary-background-color",
  "--uxm-button-primary-border-radius",
  "--uxm-button-primary-color",
  "--uxm-button-primary-disabled-color",
  "--uxm-button-primary-disabled-opacity",
  "--uxm-button-primary-focus-color",
  "--uxm-button-primary-focus-ring-color",
  "--uxm-button-primary-font-size",
  "--uxm-button-primary-font-weight",
  "--uxm-button-primary-gap",
  "--uxm-button-primary-hover-background-color",
  "--uxm-button-primary-hover-color",
  "--uxm-button-primary-padding-x",
  "--uxm-button-primary-padding-y",
  "--uxm-button-secondary-active-background-color",
  "--uxm-button-secondary-active-border-color",
  "--uxm-button-secondary-active-color",
  "--uxm-button-secondary-background-color",
  "--uxm-button-secondary-border-color",
  "--uxm-button-secondary-border-radius",
  "--uxm-button-secondary-color",
  "--uxm-button-secondary-disabled-color",
  "--uxm-button-secondary-disabled-opacity",
  "--uxm-button-secondary-focus-color",
  "--uxm-button-secondary-focus-ring-color",
  "--uxm-button-secondary-font-size",
  "--uxm-button-secondary-font-weight",
  "--uxm-button-secondary-gap",
  "--uxm-button-secondary-hover-background-color",
  "--uxm-button-secondary-hover-border-color",
  "--uxm-button-secondary-hover-color",
  "--uxm-button-secondary-padding-x",
  "--uxm-button-secondary-padding-y",
  "--uxm-button-tertiary-active-background-color",
  "--uxm-button-tertiary-active-border-color",
  "--uxm-button-tertiary-active-color",
  "--uxm-button-tertiary-background-color",
  "--uxm-button-tertiary-border-color",
  "--uxm-button-tertiary-border-radius",
  "--uxm-button-tertiary-color",
  "--uxm-button-tertiary-disabled-color",
  "--uxm-button-tertiary-disabled-opacity",
  "--uxm-button-tertiary-focus-color",
  "--uxm-button-tertiary-focus-ring-color",
  "--uxm-button-tertiary-font-size",
  "--uxm-button-tertiary-font-weight",
  "--uxm-button-tertiary-gap",
  "--uxm-button-tertiary-hover-background-color",
  "--uxm-button-tertiary-hover-border-color",
  "--uxm-button-tertiary-hover-color",
  "--uxm-button-tertiary-padding-x",
  "--uxm-button-tertiary-padding-y",
  "--uxm-button-with-icon-active-background-color",
  "--uxm-button-with-icon-active-border-color",
  "--uxm-button-with-icon-active-color",
  "--uxm-button-with-icon-background-color",
  "--uxm-button-with-icon-border-color",
  "--uxm-button-with-icon-color",
  "--uxm-button-with-icon-disabled-color",
  "--uxm-button-with-icon-disabled-opacity",
  "--uxm-button-with-icon-focus-color",
  "--uxm-button-with-icon-focus-ring-color",
  "--uxm-button-with-icon-gap",
  "--uxm-button-with-icon-hover-background-color",
  "--uxm-button-with-icon-hover-border-color",
  "--uxm-button-with-icon-hover-color",
  "--uxm-calendar-background-color",
  "--uxm-calendar-border-color",
  "--uxm-calendar-border-radius",
  "--uxm-calendar-cell-font-size",
  "--uxm-calendar-cell-radius",
  "--uxm-calendar-cell-size",
  "--uxm-calendar-default-color",
  "--uxm-calendar-disabled-color",
  "--uxm-calendar-hover-bg",
  "--uxm-calendar-in-range-bg",
  "--uxm-calendar-in-range-color",
  "--uxm-calendar-month-cell-font-size",
  "--uxm-calendar-month-cell-size",
  "--uxm-calendar-nav-color",
  "--uxm-calendar-outside-color",
  "--uxm-calendar-padding",
  "--uxm-calendar-range-end-bg",
  "--uxm-calendar-range-end-color",
  "--uxm-calendar-range-start-bg",
  "--uxm-calendar-range-start-color",
  "--uxm-calendar-selected-bg",
  "--uxm-calendar-selected-color",
  "--uxm-calendar-shadow-blur",
  "--uxm-calendar-shadow-color",
  "--uxm-calendar-shadow-offset-y",
  "--uxm-calendar-title-color",
  "--uxm-calendar-title-size",
  "--uxm-calendar-today-border-color",
  "--uxm-calendar-today-button-color",
  "--uxm-calendar-today-button-hover-bg",
  "--uxm-calendar-today-button-size",
  "--uxm-calendar-today-color",
  "--uxm-calendar-weekday-color",
  "--uxm-calendar-weekday-size",
  "--uxm-card-bg",
  "--uxm-card-border-color",
  "--uxm-card-gap",
  "--uxm-card-padding",
  "--uxm-card-radius",
  "--uxm-card-shadow-blur",
  "--uxm-card-shadow-color",
  "--uxm-card-shadow-default",
  "--uxm-card-shadow-offset-y",
  "--uxm-checkbox-border-color",
  "--uxm-checkbox-border-radius",
  "--uxm-checkbox-check-color",
  "--uxm-checkbox-check-glyph-color",
  "--uxm-checkbox-checked-bg",
  "--uxm-checkbox-checked-border",
  "--uxm-checkbox-disabled-opacity",
  "--uxm-checkbox-error-color",
  "--uxm-checkbox-error-message-size",
  "--uxm-checkbox-focus-ring",
  "--uxm-checkbox-gap",
  "--uxm-checkbox-hover-check-glyph-color",
  "--uxm-checkbox-hover-checked-bg",
  "--uxm-checkbox-hover-checked-border",
  "--uxm-checkbox-hover-unchecked-bg",
  "--uxm-checkbox-hover-unchecked-border",
  "--uxm-checkbox-size",
  "--uxm-checkbox-unchecked-bg",
  "--uxm-checkbox-unchecked-border",
  "--uxm-chip-assist-border-radius",
  "--uxm-chip-assist-default-bg",
  "--uxm-chip-assist-default-border",
  "--uxm-chip-assist-default-text",
  "--uxm-chip-assist-disabled-bg",
  "--uxm-chip-assist-disabled-border",
  "--uxm-chip-assist-disabled-text",
  "--uxm-chip-assist-font-size",
  "--uxm-chip-assist-font-weight",
  "--uxm-chip-assist-gap",
  "--uxm-chip-assist-hover-bg",
  "--uxm-chip-assist-hover-border",
  "--uxm-chip-assist-hover-text",
  "--uxm-chip-assist-icon-size",
  "--uxm-chip-assist-padding-x",
  "--uxm-chip-assist-padding-y",
  "--uxm-chip-assist-selected-bg",
  "--uxm-chip-assist-selected-border",
  "--uxm-chip-assist-selected-text",
  "--uxm-chip-filter-border-radius",
  "--uxm-chip-filter-default-bg",
  "--uxm-chip-filter-default-border",
  "--uxm-chip-filter-default-text",
  "--uxm-chip-filter-disabled-bg",
  "--uxm-chip-filter-disabled-border",
  "--uxm-chip-filter-disabled-text",
  "--uxm-chip-filter-font-size",
  "--uxm-chip-filter-font-weight",
  "--uxm-chip-filter-gap",
  "--uxm-chip-filter-hover-bg",
  "--uxm-chip-filter-hover-border",
  "--uxm-chip-filter-hover-text",
  "--uxm-chip-filter-icon-size",
  "--uxm-chip-filter-padding-x",
  "--uxm-chip-filter-padding-y",
  "--uxm-chip-filter-selected-bg",
  "--uxm-chip-filter-selected-border",
  "--uxm-chip-filter-selected-text",
  "--uxm-chip-focus-ring",
  "--uxm-chip-input-border-radius",
  "--uxm-chip-input-default-bg",
  "--uxm-chip-input-default-border",
  "--uxm-chip-input-default-text",
  "--uxm-chip-input-disabled-bg",
  "--uxm-chip-input-disabled-border",
  "--uxm-chip-input-disabled-text",
  "--uxm-chip-input-font-size",
  "--uxm-chip-input-font-weight",
  "--uxm-chip-input-gap",
  "--uxm-chip-input-hover-bg",
  "--uxm-chip-input-hover-border",
  "--uxm-chip-input-hover-text",
  "--uxm-chip-input-icon-size",
  "--uxm-chip-input-padding-x",
  "--uxm-chip-input-padding-y",
  "--uxm-chip-input-selected-bg",
  "--uxm-chip-input-selected-border",
  "--uxm-chip-input-selected-text",
  "--uxm-chip-suggestion-border-radius",
  "--uxm-chip-suggestion-default-bg",
  "--uxm-chip-suggestion-default-border",
  "--uxm-chip-suggestion-default-text",
  "--uxm-chip-suggestion-disabled-bg",
  "--uxm-chip-suggestion-disabled-border",
  "--uxm-chip-suggestion-disabled-text",
  "--uxm-chip-suggestion-font-size",
  "--uxm-chip-suggestion-font-weight",
  "--uxm-chip-suggestion-gap",
  "--uxm-chip-suggestion-hover-bg",
  "--uxm-chip-suggestion-hover-border",
  "--uxm-chip-suggestion-hover-text",
  "--uxm-chip-suggestion-icon-size",
  "--uxm-chip-suggestion-padding-x",
  "--uxm-chip-suggestion-padding-y",
  "--uxm-chip-suggestion-selected-bg",
  "--uxm-chip-suggestion-selected-border",
  "--uxm-chip-suggestion-selected-text",
  "--uxm-cluster-gap",
  "--uxm-code-block-max-height",
  "--uxm-code-editor-bg",
  "--uxm-code-editor-border-color",
  "--uxm-code-editor-border-radius",
  "--uxm-code-editor-color",
  "--uxm-code-editor-disabled-bg",
  "--uxm-code-editor-disabled-border",
  "--uxm-code-editor-disabled-color",
  "--uxm-code-editor-disabled-opacity",
  "--uxm-code-editor-error-border",
  "--uxm-code-editor-error-color",
  "--uxm-code-editor-error-message-size",
  "--uxm-code-editor-focus-border",
  "--uxm-code-editor-focus-ring",
  "--uxm-code-editor-font-family",
  "--uxm-code-editor-font-size",
  "--uxm-code-editor-gutter-bg",
  "--uxm-code-editor-gutter-border",
  "--uxm-code-editor-gutter-color",
  "--uxm-code-editor-gutter-gap",
  "--uxm-code-editor-gutter-width",
  "--uxm-code-editor-hover-border",
  "--uxm-code-editor-line-height",
  "--uxm-code-editor-min-height",
  "--uxm-code-editor-padding-x",
  "--uxm-code-editor-padding-y",
  "--uxm-code-editor-resize",
  "--uxm-code-editor-tab-size",
  "--uxm-color-input-area-height",
  "--uxm-color-input-bg",
  "--uxm-color-input-border-color",
  "--uxm-color-input-border-radius",
  "--uxm-color-input-color",
  "--uxm-color-input-disabled-opacity",
  "--uxm-color-input-error-border",
  "--uxm-color-input-error-color",
  "--uxm-color-input-error-message-size",
  "--uxm-color-input-focus-border",
  "--uxm-color-input-focus-ring",
  "--uxm-color-input-font-size",
  "--uxm-color-input-format-width",
  "--uxm-color-input-hover-border",
  "--uxm-color-input-hue",
  "--uxm-color-input-padding-x",
  "--uxm-color-input-padding-y",
  "--uxm-color-input-panel-bg",
  "--uxm-color-input-panel-border",
  "--uxm-color-input-panel-padding",
  "--uxm-color-input-panel-radius",
  "--uxm-color-input-solid",
  "--uxm-color-input-trigger-size",
  "--uxm-color-input-value",
  "--uxm-color-input-width",
  "--uxm-component-row-background",
  "--uxm-component-row-chevron-color",
  "--uxm-component-row-chevron-size",
  "--uxm-component-row-drag-color",
  "--uxm-component-row-drag-hover-color",
  "--uxm-component-row-gap",
  "--uxm-component-row-icon-badge-bg",
  "--uxm-component-row-icon-badge-color",
  "--uxm-component-row-icon-badge-padding",
  "--uxm-component-row-icon-badge-radius",
  "--uxm-component-row-icon-badge-size",
  "--uxm-component-row-name-color",
  "--uxm-component-row-name-size",
  "--uxm-component-row-name-weight",
  "--uxm-component-row-padding-x",
  "--uxm-component-row-padding-y",
  "--uxm-component-row-row-hover-bg",
  "--uxm-component-row-row-hover-radius",
  "--uxm-component-row-type-label-color",
  "--uxm-component-row-type-label-size",
  "--uxm-component-row-type-label-weight",
  "--uxm-config-component-row-name-size",
  "--uxm-config-component-row-padding",
  "--uxm-config-component-row-radius",
  "--uxm-config-component-row-type-size",
  "--uxm-config-segment-item-meta-size",
  "--uxm-config-segment-item-name-size",
  "--uxm-config-segment-item-padding-x",
  "--uxm-config-segment-item-padding-y",
  "--uxm-config-segment-item-radius",
  "--uxm-content-tooltip-background-color",
  "--uxm-content-tooltip-border-color",
  "--uxm-content-tooltip-border-radius",
  "--uxm-content-tooltip-max-width",
  "--uxm-content-tooltip-padding",
  "--uxm-currency-input-background-color",
  "--uxm-currency-input-border-color",
  "--uxm-currency-input-border-radius",
  "--uxm-currency-input-caret-color",
  "--uxm-currency-input-color",
  "--uxm-currency-input-disabled-bg",
  "--uxm-currency-input-disabled-border",
  "--uxm-currency-input-disabled-color",
  "--uxm-currency-input-disabled-opacity",
  "--uxm-currency-input-divider-color",
  "--uxm-currency-input-error-bg",
  "--uxm-currency-input-error-border",
  "--uxm-currency-input-error-color",
  "--uxm-currency-input-error-message-size",
  "--uxm-currency-input-focus-border",
  "--uxm-currency-input-focus-ring",
  "--uxm-currency-input-font-size",
  "--uxm-currency-input-hover-bg",
  "--uxm-currency-input-hover-border",
  "--uxm-currency-input-padding-x",
  "--uxm-currency-input-padding-y",
  "--uxm-currency-input-picker-hover-bg",
  "--uxm-currency-input-symbol-color",
  "--uxm-data-table-border-color",
  "--uxm-data-table-border-radius",
  "--uxm-data-table-cell-padding-x",
  "--uxm-data-table-cell-padding-y",
  "--uxm-data-table-font-size",
  "--uxm-data-table-header-bg",
  "--uxm-data-table-header-text",
  "--uxm-data-table-row-bg",
  "--uxm-data-table-row-hover-bg",
  "--uxm-date-input-background-color",
  "--uxm-date-input-border-color",
  "--uxm-date-input-border-radius",
  "--uxm-date-input-color",
  "--uxm-date-input-disabled-bg",
  "--uxm-date-input-disabled-border",
  "--uxm-date-input-disabled-color",
  "--uxm-date-input-disabled-opacity",
  "--uxm-date-input-error-bg",
  "--uxm-date-input-error-border",
  "--uxm-date-input-error-color",
  "--uxm-date-input-error-message-size",
  "--uxm-date-input-focus-border",
  "--uxm-date-input-focus-ring",
  "--uxm-date-input-font-size",
  "--uxm-date-input-hover-bg",
  "--uxm-date-input-hover-border",
  "--uxm-date-input-icon-color",
  "--uxm-date-input-icon-hover-color",
  "--uxm-date-input-icon-offset",
  "--uxm-date-input-icon-size",
  "--uxm-date-input-padding-x",
  "--uxm-date-input-padding-y",
  "--uxm-date-input-popover-shadow",
  "--uxm-detail-section-accent-color",
  "--uxm-detail-section-accent-width",
  "--uxm-detail-section-bg",
  "--uxm-detail-section-border-color",
  "--uxm-detail-section-padding",
  "--uxm-detail-section-radius",
  "--uxm-detail-section-subtitle-color",
  "--uxm-detail-section-title-font",
  "--uxm-detail-section-title-size",
  "--uxm-detail-section-title-weight",
  "--uxm-disclosure-background-color",
  "--uxm-disclosure-border-radius",
  "--uxm-disclosure-chevron-color",
  "--uxm-disclosure-chevron-size",
  "--uxm-disclosure-color",
  "--uxm-disclosure-disabled-bg",
  "--uxm-disclosure-disabled-opacity",
  "--uxm-disclosure-disabled-text",
  "--uxm-disclosure-focus-ring",
  "--uxm-disclosure-focus-text",
  "--uxm-disclosure-font-size",
  "--uxm-disclosure-gap",
  "--uxm-disclosure-hover-bg",
  "--uxm-disclosure-hover-text",
  "--uxm-disclosure-inactive-bg",
  "--uxm-disclosure-inactive-text",
  "--uxm-disclosure-padding-x",
  "--uxm-disclosure-padding-y",
  "--uxm-disclosure-value-color",
  "--uxm-disclosure-value-size",
  "--uxm-divider-color",
  "--uxm-divider-gap",
  "--uxm-divider-label-color",
  "--uxm-divider-label-size",
  "--uxm-divider-thickness",
  "--uxm-editable-cell-chevron-color",
  "--uxm-editable-cell-clear-color",
  "--uxm-editable-cell-clear-hover-bg",
  "--uxm-editable-cell-clear-hover-color",
  "--uxm-editable-cell-color",
  "--uxm-editable-cell-date-icon-hover-color",
  "--uxm-editable-cell-disabled-opacity",
  "--uxm-editable-cell-editing-track-floor",
  "--uxm-editable-cell-error-border",
  "--uxm-editable-cell-focus-border",
  "--uxm-editable-cell-focus-ring",
  "--uxm-editable-cell-hover-bg",
  "--uxm-editable-cell-input-bg",
  "--uxm-editable-cell-input-border",
  "--uxm-editable-cell-input-color",
  "--uxm-editable-cell-input-focus-border",
  "--uxm-editable-cell-medium-font-size",
  "--uxm-editable-cell-medium-max-width",
  "--uxm-editable-cell-medium-padding-x",
  "--uxm-editable-cell-medium-padding-y",
  "--uxm-editable-cell-outdent",
  "--uxm-editable-cell-pencil-color",
  "--uxm-editable-cell-placeholder-color",
  "--uxm-editable-cell-radius",
  "--uxm-editable-cell-small-font-size",
  "--uxm-editable-cell-small-max-width",
  "--uxm-editable-cell-small-padding-x",
  "--uxm-editable-cell-small-padding-y",
  "--uxm-editable-cell-text-inset",
  "--uxm-editable-cell-warning-border",
  "--uxm-empty-state-description-color",
  "--uxm-empty-state-icon-color",
  "--uxm-empty-state-icon-size",
  "--uxm-empty-state-padding",
  "--uxm-empty-state-title-color",
  "--uxm-error-page-code-color",
  "--uxm-error-page-code-font",
  "--uxm-error-page-code-size",
  "--uxm-error-page-code-weight",
  "--uxm-error-page-icon-bg",
  "--uxm-error-page-icon-color",
  "--uxm-error-page-icon-size",
  "--uxm-error-page-message-color",
  "--uxm-error-page-message-max-width",
  "--uxm-error-page-message-size",
  "--uxm-error-page-title-color",
  "--uxm-error-page-title-font",
  "--uxm-error-page-title-size",
  "--uxm-error-page-title-weight",
  "--uxm-explorer-list-item-active-bg",
  "--uxm-explorer-list-item-active-color",
  "--uxm-explorer-list-item-active-text",
  "--uxm-explorer-list-item-border-radius",
  "--uxm-explorer-list-item-disabled-bg",
  "--uxm-explorer-list-item-disabled-opacity",
  "--uxm-explorer-list-item-disabled-text",
  "--uxm-explorer-list-item-focus-ring",
  "--uxm-explorer-list-item-focus-text",
  "--uxm-explorer-list-item-font-size",
  "--uxm-explorer-list-item-font-weight",
  "--uxm-explorer-list-item-gap",
  "--uxm-explorer-list-item-hover-bg",
  "--uxm-explorer-list-item-hover-color",
  "--uxm-explorer-list-item-hover-text",
  "--uxm-explorer-list-item-inactive-bg",
  "--uxm-explorer-list-item-inactive-color",
  "--uxm-explorer-list-item-inactive-text",
  "--uxm-explorer-list-item-padding-x",
  "--uxm-explorer-list-item-padding-y",
  "--uxm-explorer-list-item-rail-color",
  "--uxm-explorer-list-item-rail-height",
  "--uxm-explorer-list-item-rail-radius",
  "--uxm-explorer-list-item-rail-width",
  "--uxm-explorer-list-item-trailing-color",
  "--uxm-explorer-list-item-trailing-size",
  "--uxm-explorer-section-border-radius",
  "--uxm-explorer-section-chevron-color",
  "--uxm-explorer-section-chevron-size",
  "--uxm-explorer-section-color",
  "--uxm-explorer-section-disabled-bg",
  "--uxm-explorer-section-disabled-opacity",
  "--uxm-explorer-section-disabled-text",
  "--uxm-explorer-section-focus-ring",
  "--uxm-explorer-section-focus-text",
  "--uxm-explorer-section-font-size",
  "--uxm-explorer-section-font-weight",
  "--uxm-explorer-section-gap",
  "--uxm-explorer-section-hover-bg",
  "--uxm-explorer-section-hover-color",
  "--uxm-explorer-section-hover-text",
  "--uxm-explorer-section-inactive-bg",
  "--uxm-explorer-section-inactive-text",
  "--uxm-explorer-section-padding-x",
  "--uxm-explorer-section-padding-y",
  "--uxm-explorer-section-trailing-color",
  "--uxm-explorer-section-trailing-size",
  "--uxm-field-clear-size",
  "--uxm-file-upload-allowed-types-color",
  "--uxm-file-upload-allowed-types-size",
  "--uxm-file-upload-bg",
  "--uxm-file-upload-border-color",
  "--uxm-file-upload-border-radius",
  "--uxm-file-upload-border-style",
  "--uxm-file-upload-border-width",
  "--uxm-file-upload-color",
  "--uxm-file-upload-disabled-bg",
  "--uxm-file-upload-disabled-border",
  "--uxm-file-upload-disabled-color",
  "--uxm-file-upload-disabled-opacity",
  "--uxm-file-upload-download-icon-color",
  "--uxm-file-upload-download-icon-hover-color",
  "--uxm-file-upload-drag-accent",
  "--uxm-file-upload-drag-bg",
  "--uxm-file-upload-drag-border",
  "--uxm-file-upload-drag-border-style",
  "--uxm-file-upload-error-bg",
  "--uxm-file-upload-error-border",
  "--uxm-file-upload-error-color",
  "--uxm-file-upload-error-message-size",
  "--uxm-file-upload-focus-border",
  "--uxm-file-upload-focus-ring",
  "--uxm-file-upload-gap",
  "--uxm-file-upload-help-color",
  "--uxm-file-upload-help-size",
  "--uxm-file-upload-hover-bg",
  "--uxm-file-upload-hover-border",
  "--uxm-file-upload-icon-color",
  "--uxm-file-upload-icon-size",
  "--uxm-file-upload-min-height",
  "--uxm-file-upload-padding-x",
  "--uxm-file-upload-padding-y",
  "--uxm-file-upload-progress-fill",
  "--uxm-file-upload-progress-height",
  "--uxm-file-upload-remove-icon-color",
  "--uxm-file-upload-remove-icon-hover-color",
  "--uxm-file-upload-row-bg",
  "--uxm-file-upload-row-border",
  "--uxm-file-upload-row-done-bg",
  "--uxm-file-upload-row-done-border-color",
  "--uxm-file-upload-row-done-icon-color",
  "--uxm-file-upload-row-error-bg",
  "--uxm-file-upload-row-error-border-color",
  "--uxm-file-upload-row-error-icon-color",
  "--uxm-file-upload-row-error-meta-color",
  "--uxm-file-upload-row-gap",
  "--uxm-file-upload-row-icon-color",
  "--uxm-file-upload-row-meta-color",
  "--uxm-file-upload-row-name-color",
  "--uxm-file-upload-row-padding-x",
  "--uxm-file-upload-row-padding-y",
  "--uxm-file-upload-row-progress",
  "--uxm-file-upload-row-radius",
  "--uxm-file-upload-title-size",
  "--uxm-file-upload-wrapper-gap",
  "--uxm-filter-tabs-active-bg",
  "--uxm-filter-tabs-active-text",
  "--uxm-filter-tabs-disabled-opacity",
  "--uxm-filter-tabs-disabled-text",
  "--uxm-filter-tabs-focus-ring",
  "--uxm-filter-tabs-focus-text",
  "--uxm-filter-tabs-font-size",
  "--uxm-filter-tabs-font-weight",
  "--uxm-filter-tabs-gap",
  "--uxm-filter-tabs-hover-bg",
  "--uxm-filter-tabs-hover-text",
  "--uxm-filter-tabs-inactive-text",
  "--uxm-filter-tabs-padding-x",
  "--uxm-filter-tabs-padding-y",
  "--uxm-filter-tabs-tab-radius",
  "--uxm-filter-tabs-track-bg",
  "--uxm-filter-tabs-track-border",
  "--uxm-filter-tabs-track-padding",
  "--uxm-filter-tabs-track-radius",
  "--uxm-form-field-gap",
  "--uxm-form-field-hint-color",
  "--uxm-form-field-hint-gap",
  "--uxm-form-field-hint-size",
  "--uxm-form-field-label-color",
  "--uxm-form-field-label-size",
  "--uxm-form-field-label-tint-default",
  "--uxm-form-field-label-tint-muted",
  "--uxm-form-field-label-tint-strong",
  "--uxm-form-field-label-weight",
  "--uxm-form-field-overline-letter-spacing",
  "--uxm-form-field-overline-size",
  "--uxm-form-field-overline-weight",
  "--uxm-form-field-side-gap",
  "--uxm-form-field-side-label-align",
  "--uxm-form-field-side-label-valign",
  "--uxm-form-field-side-label-width",
  "--uxm-icon-button-active-bg",
  "--uxm-icon-button-active-color",
  "--uxm-icon-button-bg",
  "--uxm-icon-button-color",
  "--uxm-icon-button-disabled-color",
  "--uxm-icon-button-disabled-opacity",
  "--uxm-icon-button-filled-active-bg",
  "--uxm-icon-button-filled-active-color",
  "--uxm-icon-button-filled-bg",
  "--uxm-icon-button-filled-color",
  "--uxm-icon-button-filled-hover-bg",
  "--uxm-icon-button-filled-hover-color",
  "--uxm-icon-button-filled-icon-size",
  "--uxm-icon-button-filled-radius",
  "--uxm-icon-button-filled-size",
  "--uxm-icon-button-focus-color",
  "--uxm-icon-button-focus-ring-color",
  "--uxm-icon-button-hover-bg",
  "--uxm-icon-button-hover-color",
  "--uxm-icon-button-icon-size",
  "--uxm-icon-button-radius",
  "--uxm-icon-button-size",
  "--uxm-icon-button-stroke-width",
  "--uxm-icon-color",
  "--uxm-icon-tile-bg",
  "--uxm-icon-tile-color",
  "--uxm-icon-tile-icon-size",
  "--uxm-icon-tile-radius",
  "--uxm-icon-tile-size",
  "--uxm-inline-action-active-color",
  "--uxm-inline-action-color",
  "--uxm-inline-action-disabled-color",
  "--uxm-inline-action-disabled-opacity",
  "--uxm-inline-action-focus-color",
  "--uxm-inline-action-focus-ring-color",
  "--uxm-inline-action-font-size",
  "--uxm-inline-action-font-weight",
  "--uxm-inline-action-gap",
  "--uxm-inline-action-hover-color",
  "--uxm-inline-action-icon-size",
  "--uxm-inline-filter-gap",
  "--uxm-input-text-bg",
  "--uxm-input-text-border-color",
  "--uxm-input-text-border-radius",
  "--uxm-input-text-color",
  "--uxm-input-text-disabled-bg",
  "--uxm-input-text-disabled-border",
  "--uxm-input-text-disabled-color",
  "--uxm-input-text-disabled-opacity",
  "--uxm-input-text-error-bg",
  "--uxm-input-text-error-border",
  "--uxm-input-text-error-color",
  "--uxm-input-text-error-message-size",
  "--uxm-input-text-focus-border",
  "--uxm-input-text-focus-ring",
  "--uxm-input-text-font-size",
  "--uxm-input-text-hover-bg",
  "--uxm-input-text-hover-border",
  "--uxm-input-text-padding-x",
  "--uxm-input-text-padding-y",
  "--uxm-input-with-icon-bg",
  "--uxm-input-with-icon-border-color",
  "--uxm-input-with-icon-color",
  "--uxm-input-with-icon-disabled-bg",
  "--uxm-input-with-icon-disabled-border",
  "--uxm-input-with-icon-disabled-color",
  "--uxm-input-with-icon-disabled-opacity",
  "--uxm-input-with-icon-error-bg",
  "--uxm-input-with-icon-error-border",
  "--uxm-input-with-icon-error-color",
  "--uxm-input-with-icon-error-message-size",
  "--uxm-input-with-icon-focus-border",
  "--uxm-input-with-icon-focus-ring",
  "--uxm-input-with-icon-font-size",
  "--uxm-input-with-icon-hover-bg",
  "--uxm-input-with-icon-hover-border",
  "--uxm-input-with-icon-icon-color",
  "--uxm-input-with-icon-icon-offset",
  "--uxm-input-with-icon-icon-size",
  "--uxm-input-with-icon-padding-x",
  "--uxm-input-with-icon-padding-y",
  "--uxm-input-with-icon-radius",
  "--uxm-language-switcher-bg",
  "--uxm-language-switcher-border-color",
  "--uxm-language-switcher-caret-color",
  "--uxm-language-switcher-color",
  "--uxm-language-switcher-compact-padding-x",
  "--uxm-language-switcher-compact-size",
  "--uxm-language-switcher-disabled-opacity",
  "--uxm-language-switcher-focus-ring",
  "--uxm-language-switcher-font-size",
  "--uxm-language-switcher-gap",
  "--uxm-language-switcher-hover-bg",
  "--uxm-language-switcher-hover-border-color",
  "--uxm-language-switcher-open-bg",
  "--uxm-language-switcher-open-border-color",
  "--uxm-language-switcher-padding-x",
  "--uxm-language-switcher-padding-y",
  "--uxm-language-switcher-radius",
  "--uxm-lifecycle-connector-active-color",
  "--uxm-lifecycle-connector-active-stroke-width",
  "--uxm-lifecycle-connector-color",
  "--uxm-lifecycle-connector-connector-active-color",
  "--uxm-lifecycle-connector-connector-active-stroke-width",
  "--uxm-lifecycle-connector-connector-dash-pattern",
  "--uxm-lifecycle-connector-connector-idle-color",
  "--uxm-lifecycle-connector-connector-idle-stroke-width",
  "--uxm-lifecycle-connector-dash-pattern",
  "--uxm-lifecycle-connector-dashed-color",
  "--uxm-lifecycle-connector-dashed-stroke-width",
  "--uxm-lifecycle-connector-idle-color",
  "--uxm-lifecycle-connector-idle-stroke-width",
  "--uxm-lifecycle-connector-width",
  "--uxm-lifecycle-drop-slot-bg",
  "--uxm-lifecycle-drop-slot-border-color",
  "--uxm-lifecycle-drop-slot-border-style",
  "--uxm-lifecycle-drop-slot-border-width",
  "--uxm-lifecycle-drop-slot-card-font-size",
  "--uxm-lifecycle-drop-slot-card-min-height",
  "--uxm-lifecycle-drop-slot-card-min-width",
  "--uxm-lifecycle-drop-slot-card-padding-x",
  "--uxm-lifecycle-drop-slot-card-radius",
  "--uxm-lifecycle-drop-slot-color",
  "--uxm-lifecycle-drop-slot-pill-font-size",
  "--uxm-lifecycle-drop-slot-pill-padding-x",
  "--uxm-lifecycle-drop-slot-pill-padding-y",
  "--uxm-lifecycle-drop-slot-pill-radius",
  "--uxm-lifecycle-edge-label-border-width",
  "--uxm-lifecycle-edge-label-font-size",
  "--uxm-lifecycle-edge-label-font-weight",
  "--uxm-lifecycle-edge-label-padding-x",
  "--uxm-lifecycle-edge-label-padding-y",
  "--uxm-lifecycle-edge-label-radius",
  "--uxm-lifecycle-group-box-bg",
  "--uxm-lifecycle-group-box-blur",
  "--uxm-lifecycle-group-box-border-color",
  "--uxm-lifecycle-group-box-border-width",
  "--uxm-lifecycle-group-box-padding",
  "--uxm-lifecycle-group-box-radius",
  "--uxm-lifecycle-group-box-target-color",
  "--uxm-lifecycle-group-box-target-offset",
  "--uxm-lifecycle-group-box-target-width",
  "--uxm-lifecycle-minimap-bg",
  "--uxm-lifecycle-minimap-border-color",
  "--uxm-lifecycle-minimap-edge-color",
  "--uxm-lifecycle-minimap-height",
  "--uxm-lifecycle-minimap-node-color",
  "--uxm-lifecycle-minimap-radius",
  "--uxm-lifecycle-minimap-viewport-border",
  "--uxm-lifecycle-minimap-viewport-fill",
  "--uxm-lifecycle-minimap-width",
  "--uxm-lifecycle-node-card-bg",
  "--uxm-lifecycle-node-card-border-color",
  "--uxm-lifecycle-node-card-kind-size",
  "--uxm-lifecycle-node-card-min-height",
  "--uxm-lifecycle-node-card-padding-x",
  "--uxm-lifecycle-node-card-padding-y",
  "--uxm-lifecycle-node-card-radius",
  "--uxm-lifecycle-node-card-title-size",
  "--uxm-lifecycle-node-card-width",
  "--uxm-lifecycle-terminal-bg",
  "--uxm-lifecycle-terminal-border-color",
  "--uxm-lifecycle-terminal-color",
  "--uxm-lifecycle-terminal-font-size",
  "--uxm-lifecycle-terminal-font-weight",
  "--uxm-lifecycle-terminal-height",
  "--uxm-lifecycle-terminal-radius",
  "--uxm-lifecycle-terminal-width",
  "--uxm-lifecycle-zoom-bg",
  "--uxm-lifecycle-zoom-border-color",
  "--uxm-lifecycle-zoom-button-size",
  "--uxm-lifecycle-zoom-color",
  "--uxm-lifecycle-zoom-font-size",
  "--uxm-lifecycle-zoom-icon-color",
  "--uxm-lifecycle-zoom-radius",
  "--uxm-link-color",
  "--uxm-link-disabled-opacity",
  "--uxm-link-disabled-text",
  "--uxm-link-external-icon-gap",
  "--uxm-link-external-icon-size",
  "--uxm-link-focus-ring",
  "--uxm-link-focus-text",
  "--uxm-link-font-size",
  "--uxm-link-font-weight",
  "--uxm-link-hover-color",
  "--uxm-link-hover-text",
  "--uxm-link-inactive-text",
  "--uxm-link-underline-offset",
  "--uxm-link-underline-thickness",
  "--uxm-list-item-active-bg",
  "--uxm-list-item-active-text",
  "--uxm-list-item-border-color",
  "--uxm-list-item-border-radius",
  "--uxm-list-item-chevron-color",
  "--uxm-list-item-disabled-bg",
  "--uxm-list-item-disabled-opacity",
  "--uxm-list-item-disabled-text",
  "--uxm-list-item-focus-ring",
  "--uxm-list-item-focus-text",
  "--uxm-list-item-font-size",
  "--uxm-list-item-gap",
  "--uxm-list-item-hover-bg",
  "--uxm-list-item-hover-text",
  "--uxm-list-item-inactive-bg",
  "--uxm-list-item-inactive-text",
  "--uxm-list-item-media-size",
  "--uxm-list-item-padding-x",
  "--uxm-list-item-padding-y",
  "--uxm-list-item-value-color",
  "--uxm-list-item-value-size",
  "--uxm-listbox-empty-color",
  "--uxm-listbox-footer-border",
  "--uxm-listbox-footer-clear-font-size",
  "--uxm-listbox-footer-clear-gap",
  "--uxm-listbox-footer-clear-padding",
  "--uxm-listbox-footer-clear-radius",
  "--uxm-listbox-group-header-color",
  "--uxm-listbox-group-header-font-size",
  "--uxm-listbox-list-column-gap",
  "--uxm-listbox-list-column-min-width",
  "--uxm-listbox-list-columns",
  "--uxm-listbox-option-active-bg",
  "--uxm-listbox-option-active-color",
  "--uxm-listbox-option-color",
  "--uxm-listbox-option-default-bg",
  "--uxm-listbox-option-disabled-opacity",
  "--uxm-listbox-option-font-size",
  "--uxm-listbox-option-padding-x",
  "--uxm-listbox-option-padding-y",
  "--uxm-listbox-option-radius",
  "--uxm-listbox-option-selected-bg",
  "--uxm-listbox-option-selected-color",
  "--uxm-listbox-panel-bg",
  "--uxm-listbox-panel-border",
  "--uxm-listbox-panel-max-height",
  "--uxm-listbox-panel-radius",
  "--uxm-listbox-search-border",
  "--uxm-listbox-search-color",
  "--uxm-listbox-search-font-size",
  "--uxm-listbox-search-icon-color",
  "--uxm-listbox-search-placeholder-color",
  "--uxm-listbox-shadow-blur",
  "--uxm-listbox-shadow-color",
  "--uxm-listbox-shadow-offset-y",
  "--uxm-loader-bar-width",
  "--uxm-loader-color",
  "--uxm-loader-gap",
  "--uxm-loader-message-color",
  "--uxm-loader-message-size",
  "--uxm-loader-size",
  "--uxm-loader-track-color",
  "--uxm-menu-item-active-bg",
  "--uxm-menu-item-active-color",
  "--uxm-menu-item-color",
  "--uxm-menu-item-current-bg",
  "--uxm-menu-item-current-font-weight",
  "--uxm-menu-item-danger-active-bg",
  "--uxm-menu-item-danger-color",
  "--uxm-menu-item-disabled-opacity",
  "--uxm-menu-item-font-size",
  "--uxm-menu-item-gap",
  "--uxm-menu-item-hint-color",
  "--uxm-menu-item-hint-font-size",
  "--uxm-menu-item-icon-color",
  "--uxm-menu-item-padding-x",
  "--uxm-menu-item-padding-y",
  "--uxm-menu-item-radius",
  "--uxm-menu-item-subtitle-color",
  "--uxm-menu-item-subtitle-font-size",
  "--uxm-menu-item-subtitle-gap",
  "--uxm-menu-list-padding",
  "--uxm-menu-panel-bg",
  "--uxm-menu-panel-border",
  "--uxm-menu-panel-max-height",
  "--uxm-menu-panel-radius",
  "--uxm-menu-separator-color",
  "--uxm-menu-separator-margin",
  "--uxm-menu-shadow-blur",
  "--uxm-menu-shadow-color",
  "--uxm-menu-shadow-offset-y",
  "--uxm-meta-row-color",
  "--uxm-meta-row-dot-color",
  "--uxm-meta-row-dot-size",
  "--uxm-meta-row-font-size",
  "--uxm-meta-row-gap",
  "--uxm-modal-background-color",
  "--uxm-modal-border-color",
  "--uxm-modal-border-radius",
  "--uxm-modal-padding-x",
  "--uxm-modal-padding-y",
  "--uxm-modal-title-color",
  "--uxm-modal-title-size",
  "--uxm-number-input-bg",
  "--uxm-number-input-border-color",
  "--uxm-number-input-border-radius",
  "--uxm-number-input-color",
  "--uxm-number-input-disabled-bg",
  "--uxm-number-input-disabled-border",
  "--uxm-number-input-disabled-color",
  "--uxm-number-input-disabled-opacity",
  "--uxm-number-input-error-bg",
  "--uxm-number-input-error-border",
  "--uxm-number-input-error-color",
  "--uxm-number-input-error-message-size",
  "--uxm-number-input-focus-border",
  "--uxm-number-input-focus-ring",
  "--uxm-number-input-font-size",
  "--uxm-number-input-hover-bg",
  "--uxm-number-input-hover-border",
  "--uxm-number-input-padding-x",
  "--uxm-number-input-padding-y",
  "--uxm-number-input-text-align",
  "--uxm-number-stepper-disabled-bg",
  "--uxm-number-stepper-disabled-border",
  "--uxm-number-stepper-disabled-color",
  "--uxm-number-stepper-disabled-opacity",
  "--uxm-number-stepper-error-bg",
  "--uxm-number-stepper-error-border",
  "--uxm-number-stepper-error-color",
  "--uxm-number-stepper-error-message-size",
  "--uxm-number-stepper-focus-border",
  "--uxm-number-stepper-focus-ring",
  "--uxm-number-stepper-font-size",
  "--uxm-number-stepper-gap",
  "--uxm-number-stepper-hover-bg",
  "--uxm-number-stepper-hover-border",
  "--uxm-number-stepper-input-bg",
  "--uxm-number-stepper-input-border",
  "--uxm-number-stepper-input-color",
  "--uxm-number-stepper-input-padding-x",
  "--uxm-number-stepper-input-padding-y",
  "--uxm-number-stepper-input-radius",
  "--uxm-number-stepper-input-width",
  "--uxm-number-stepper-unit-color",
  "--uxm-number-stepper-unit-size",
  "--uxm-option-list-background",
  "--uxm-option-list-border-color",
  "--uxm-option-list-border-radius",
  "--uxm-option-list-border-width",
  "--uxm-option-list-bullet-color",
  "--uxm-option-list-bullet-gap",
  "--uxm-option-list-bullet-size",
  "--uxm-option-list-drag-color",
  "--uxm-option-list-drag-hover-color",
  "--uxm-option-list-gap",
  "--uxm-option-list-indent",
  "--uxm-option-list-name-color",
  "--uxm-option-list-name-size",
  "--uxm-option-list-name-weight",
  "--uxm-option-list-padding-x",
  "--uxm-option-list-padding-y",
  "--uxm-option-list-row-hover-bg",
  "--uxm-option-list-row-hover-radius",
  "--uxm-option-list-row-padding-x",
  "--uxm-option-list-row-padding-y",
  "--uxm-page-header-gap",
  "--uxm-page-header-meta-color",
  "--uxm-page-header-meta-size",
  "--uxm-page-header-padding-x",
  "--uxm-page-header-padding-y",
  "--uxm-page-header-title-color",
  "--uxm-page-header-title-font",
  "--uxm-page-header-title-size",
  "--uxm-page-header-title-weight",
  "--uxm-page-shell-bg",
  "--uxm-page-shell-content-padding",
  "--uxm-password-input-background-color",
  "--uxm-password-input-border-color",
  "--uxm-password-input-border-radius",
  "--uxm-password-input-color",
  "--uxm-password-input-disabled-bg",
  "--uxm-password-input-disabled-border",
  "--uxm-password-input-disabled-color",
  "--uxm-password-input-disabled-opacity",
  "--uxm-password-input-error-bg",
  "--uxm-password-input-error-border",
  "--uxm-password-input-error-color",
  "--uxm-password-input-error-message-size",
  "--uxm-password-input-focus-border",
  "--uxm-password-input-focus-ring",
  "--uxm-password-input-font-size",
  "--uxm-password-input-hover-bg",
  "--uxm-password-input-hover-border",
  "--uxm-password-input-icon-color",
  "--uxm-password-input-icon-hover-color",
  "--uxm-password-input-icon-offset",
  "--uxm-password-input-icon-size",
  "--uxm-password-input-padding-x",
  "--uxm-password-input-padding-y",
  "--uxm-phone-input-background-color",
  "--uxm-phone-input-border-color",
  "--uxm-phone-input-border-radius",
  "--uxm-phone-input-caret-color",
  "--uxm-phone-input-color",
  "--uxm-phone-input-country-hover-bg",
  "--uxm-phone-input-disabled-bg",
  "--uxm-phone-input-disabled-border",
  "--uxm-phone-input-disabled-color",
  "--uxm-phone-input-disabled-opacity",
  "--uxm-phone-input-divider-color",
  "--uxm-phone-input-error-bg",
  "--uxm-phone-input-error-border",
  "--uxm-phone-input-error-color",
  "--uxm-phone-input-error-message-size",
  "--uxm-phone-input-focus-border",
  "--uxm-phone-input-focus-ring",
  "--uxm-phone-input-font-size",
  "--uxm-phone-input-hover-bg",
  "--uxm-phone-input-hover-border",
  "--uxm-phone-input-padding-x",
  "--uxm-phone-input-padding-y",
  "--uxm-pill-select-bg",
  "--uxm-pill-select-border-color",
  "--uxm-pill-select-chip-gap",
  "--uxm-pill-select-clear-chevron-gap",
  "--uxm-pill-select-color",
  "--uxm-pill-select-disabled-bg",
  "--uxm-pill-select-disabled-border",
  "--uxm-pill-select-disabled-opacity",
  "--uxm-pill-select-error-bg",
  "--uxm-pill-select-error-border",
  "--uxm-pill-select-error-color",
  "--uxm-pill-select-error-message-size",
  "--uxm-pill-select-focus-border",
  "--uxm-pill-select-focus-ring",
  "--uxm-pill-select-hover-bg",
  "--uxm-pill-select-hover-border",
  "--uxm-pill-select-padding-x",
  "--uxm-pill-select-padding-y",
  "--uxm-pill-select-placeholder-color",
  "--uxm-pill-select-radius",
  "--uxm-popover-z-index",
  "--uxm-progress-bar-bar-height",
  "--uxm-progress-bar-bar-radius",
  "--uxm-progress-bar-fill-color",
  "--uxm-progress-bar-label-color",
  "--uxm-progress-bar-label-size",
  "--uxm-progress-bar-ring-size",
  "--uxm-progress-bar-ring-thickness",
  "--uxm-progress-bar-stack-gap",
  "--uxm-progress-bar-track-color",
  "--uxm-progress-bar-value",
  "--uxm-progress-bar-value-color",
  "--uxm-progress-bar-value-size",
  "--uxm-property-field-gap",
  "--uxm-property-field-label-color",
  "--uxm-property-field-label-size",
  "--uxm-property-field-label-tracking",
  "--uxm-property-field-label-transform",
  "--uxm-property-field-value-color",
  "--uxm-property-field-value-font",
  "--uxm-property-field-value-size",
  "--uxm-property-grid-column-gap",
  "--uxm-property-grid-row-gap",
  "--uxm-radio-group-active-color",
  "--uxm-radio-group-border-color",
  "--uxm-radio-group-disabled-opacity",
  "--uxm-radio-group-dot-color",
  "--uxm-radio-group-error-color",
  "--uxm-radio-group-error-message-size",
  "--uxm-radio-group-focus-ring",
  "--uxm-radio-group-gap",
  "--uxm-radio-group-hover-dot-color",
  "--uxm-radio-group-hover-selected-border",
  "--uxm-radio-group-hover-unselected-bg",
  "--uxm-radio-group-hover-unselected-border",
  "--uxm-radio-group-selected-border",
  "--uxm-radio-group-size",
  "--uxm-radio-group-unselected-bg",
  "--uxm-radio-group-unselected-border",
  "--uxm-range-slider-end",
  "--uxm-range-slider-start",
  "--uxm-responsive-grid-gap",
  "--uxm-responsive-grid-min",
  "--uxm-search-dropdown-option-meta-size",
  "--uxm-search-dropdown-trigger-bg",
  "--uxm-search-dropdown-trigger-border",
  "--uxm-search-dropdown-trigger-color",
  "--uxm-search-dropdown-trigger-disabled-bg",
  "--uxm-search-dropdown-trigger-disabled-border",
  "--uxm-search-dropdown-trigger-disabled-color",
  "--uxm-search-dropdown-trigger-disabled-opacity",
  "--uxm-search-dropdown-trigger-error-bg",
  "--uxm-search-dropdown-trigger-error-border",
  "--uxm-search-dropdown-trigger-error-color",
  "--uxm-search-dropdown-trigger-error-message-size",
  "--uxm-search-dropdown-trigger-focus-border",
  "--uxm-search-dropdown-trigger-focus-ring",
  "--uxm-search-dropdown-trigger-font-size",
  "--uxm-search-dropdown-trigger-hover-bg",
  "--uxm-search-dropdown-trigger-hover-border",
  "--uxm-search-dropdown-trigger-padding-x",
  "--uxm-search-dropdown-trigger-padding-y",
  "--uxm-search-dropdown-trigger-radius",
  "--uxm-section-header-gap",
  "--uxm-section-header-margin-bottom",
  "--uxm-section-header-subtitle-color",
  "--uxm-section-header-subtitle-size",
  "--uxm-section-header-title-color",
  "--uxm-section-header-title-size",
  "--uxm-section-header-title-weight",
  "--uxm-segment-card-background",
  "--uxm-segment-card-border-color",
  "--uxm-segment-card-border-radius",
  "--uxm-segment-card-border-width",
  "--uxm-segment-card-children-gap",
  "--uxm-segment-card-children-inset-x",
  "--uxm-segment-card-children-inset-y",
  "--uxm-segment-card-divider-color",
  "--uxm-segment-card-divider-width",
  "--uxm-segment-card-padding-x",
  "--uxm-segment-card-padding-y",
  "--uxm-segment-row-accent-color",
  "--uxm-segment-row-accent-radius",
  "--uxm-segment-row-accent-width",
  "--uxm-segment-row-chevron-color",
  "--uxm-segment-row-chevron-size",
  "--uxm-segment-row-count-bg",
  "--uxm-segment-row-count-color",
  "--uxm-segment-row-count-padding-x",
  "--uxm-segment-row-count-padding-y",
  "--uxm-segment-row-count-radius",
  "--uxm-segment-row-count-size",
  "--uxm-segment-row-drag-color",
  "--uxm-segment-row-drag-hover-color",
  "--uxm-segment-row-gap",
  "--uxm-segment-row-padding-x",
  "--uxm-segment-row-padding-y",
  "--uxm-segment-row-row-hover-bg",
  "--uxm-segment-row-row-hover-radius",
  "--uxm-segment-row-title-color",
  "--uxm-segment-row-title-font",
  "--uxm-segment-row-title-size",
  "--uxm-segment-row-title-weight",
  "--uxm-select-dropdown-bg",
  "--uxm-select-dropdown-border-color",
  "--uxm-select-dropdown-border-radius",
  "--uxm-select-dropdown-color",
  "--uxm-select-dropdown-disabled-bg",
  "--uxm-select-dropdown-disabled-border",
  "--uxm-select-dropdown-disabled-color",
  "--uxm-select-dropdown-disabled-opacity",
  "--uxm-select-dropdown-error-bg",
  "--uxm-select-dropdown-error-border",
  "--uxm-select-dropdown-error-color",
  "--uxm-select-dropdown-error-message-size",
  "--uxm-select-dropdown-focus-border",
  "--uxm-select-dropdown-focus-ring",
  "--uxm-select-dropdown-font-size",
  "--uxm-select-dropdown-hover-bg",
  "--uxm-select-dropdown-hover-border",
  "--uxm-select-dropdown-padding-x",
  "--uxm-select-dropdown-padding-y",
  "--uxm-side-flexpane-back-color",
  "--uxm-side-flexpane-back-focus-ring-color",
  "--uxm-side-flexpane-back-hover-color",
  "--uxm-side-flexpane-background-color",
  "--uxm-side-flexpane-border-color",
  "--uxm-side-flexpane-border-radius",
  "--uxm-side-flexpane-divider-color",
  "--uxm-side-flexpane-label-color",
  "--uxm-side-flexpane-padding-x",
  "--uxm-side-flexpane-padding-y",
  "--uxm-side-flexpane-subtitle-color",
  "--uxm-side-flexpane-title-size",
  "--uxm-side-flexpane-width",
  "--uxm-sidebar-nav-item-active-bg",
  "--uxm-sidebar-nav-item-active-text",
  "--uxm-sidebar-nav-item-badge-color",
  "--uxm-sidebar-nav-item-border-radius",
  "--uxm-sidebar-nav-item-disabled-bg",
  "--uxm-sidebar-nav-item-disabled-opacity",
  "--uxm-sidebar-nav-item-disabled-text",
  "--uxm-sidebar-nav-item-focus-ring",
  "--uxm-sidebar-nav-item-focus-text",
  "--uxm-sidebar-nav-item-font-size",
  "--uxm-sidebar-nav-item-font-weight",
  "--uxm-sidebar-nav-item-gap",
  "--uxm-sidebar-nav-item-hover-bg",
  "--uxm-sidebar-nav-item-hover-text",
  "--uxm-sidebar-nav-item-icon-bg",
  "--uxm-sidebar-nav-item-icon-box-size",
  "--uxm-sidebar-nav-item-icon-color",
  "--uxm-sidebar-nav-item-icon-radius",
  "--uxm-sidebar-nav-item-icon-size",
  "--uxm-sidebar-nav-item-inactive-bg",
  "--uxm-sidebar-nav-item-inactive-text",
  "--uxm-sidebar-nav-item-padding-x",
  "--uxm-sidebar-nav-item-padding-y",
  "--uxm-sidebar-nav-trigger-bg",
  "--uxm-sidebar-nav-trigger-border-radius",
  "--uxm-sidebar-nav-trigger-caption-color",
  "--uxm-sidebar-nav-trigger-caption-font-size",
  "--uxm-sidebar-nav-trigger-caption-font-weight",
  "--uxm-sidebar-nav-trigger-caption-gap",
  "--uxm-sidebar-nav-trigger-caption-letter-spacing",
  "--uxm-sidebar-nav-trigger-caption-text-transform",
  "--uxm-sidebar-nav-trigger-collapsed-size",
  "--uxm-sidebar-nav-trigger-disabled-opacity",
  "--uxm-sidebar-nav-trigger-focus-ring",
  "--uxm-sidebar-nav-trigger-font-size",
  "--uxm-sidebar-nav-trigger-font-weight",
  "--uxm-sidebar-nav-trigger-gap",
  "--uxm-sidebar-nav-trigger-hover-bg",
  "--uxm-sidebar-nav-trigger-icon-color",
  "--uxm-sidebar-nav-trigger-icon-size",
  "--uxm-sidebar-nav-trigger-outlined-bg",
  "--uxm-sidebar-nav-trigger-outlined-border",
  "--uxm-sidebar-nav-trigger-padding-x",
  "--uxm-sidebar-nav-trigger-padding-y",
  "--uxm-sidebar-nav-trigger-trailing-color",
  "--uxm-sidebar-nav-trigger-value-color",
  "--uxm-slider-accent-color",
  "--uxm-slider-disabled-opacity",
  "--uxm-slider-focus-ring",
  "--uxm-slider-hover-thumb-color",
  "--uxm-slider-progress",
  "--uxm-slider-thumb-color",
  "--uxm-slider-thumb-size",
  "--uxm-slider-track-color",
  "--uxm-slider-track-height",
  "--uxm-slider-track-radius",
  "--uxm-slider-value-color",
  "--uxm-slider-value-size",
  "--uxm-stack-gap",
  "--uxm-stat-card-background-color",
  "--uxm-stat-card-border-color",
  "--uxm-stat-card-border-radius",
  "--uxm-stat-card-label-size",
  "--uxm-stat-card-padding",
  "--uxm-stat-card-trend-down-color",
  "--uxm-stat-card-trend-up-color",
  "--uxm-stat-card-value-font",
  "--uxm-stat-card-value-size",
  "--uxm-stat-card-value-weight",
  "--uxm-tabs-active-bg",
  "--uxm-tabs-active-text",
  "--uxm-tabs-disabled-opacity",
  "--uxm-tabs-disabled-text",
  "--uxm-tabs-focus-ring",
  "--uxm-tabs-focus-text",
  "--uxm-tabs-font-size",
  "--uxm-tabs-font-weight",
  "--uxm-tabs-gap",
  "--uxm-tabs-hover-bg",
  "--uxm-tabs-hover-text",
  "--uxm-tabs-icon-gap",
  "--uxm-tabs-icon-size",
  "--uxm-tabs-inactive-text",
  "--uxm-tabs-padding-x",
  "--uxm-tabs-padding-y",
  "--uxm-tabs-tab-radius",
  "--uxm-tabs-track-bg",
  "--uxm-tabs-track-border",
  "--uxm-tabs-track-padding",
  "--uxm-tabs-track-radius",
  "--uxm-tabs-underline-active-text",
  "--uxm-tabs-underline-bar-color",
  "--uxm-tabs-underline-bar-height",
  "--uxm-tabs-underline-bar-radius",
  "--uxm-tabs-underline-disabled-opacity",
  "--uxm-tabs-underline-disabled-text",
  "--uxm-tabs-underline-focus-ring",
  "--uxm-tabs-underline-focus-text",
  "--uxm-tabs-underline-font-size",
  "--uxm-tabs-underline-font-weight",
  "--uxm-tabs-underline-gap",
  "--uxm-tabs-underline-hover-text",
  "--uxm-tabs-underline-icon-gap",
  "--uxm-tabs-underline-icon-size",
  "--uxm-tabs-underline-inactive-text",
  "--uxm-tabs-underline-padding-x",
  "--uxm-tabs-underline-padding-y",
  "--uxm-tabs-underline-track-border-color",
  "--uxm-tabs-underline-track-border-width",
  "--uxm-tag-accent-bg",
  "--uxm-tag-accent-border",
  "--uxm-tag-accent-text",
  "--uxm-tag-border-radius",
  "--uxm-tag-danger-bg",
  "--uxm-tag-danger-border",
  "--uxm-tag-danger-text",
  "--uxm-tag-font-weight",
  "--uxm-tag-info-bg",
  "--uxm-tag-info-border",
  "--uxm-tag-info-text",
  "--uxm-tag-medium-font-size",
  "--uxm-tag-medium-gap",
  "--uxm-tag-medium-icon-size",
  "--uxm-tag-medium-padding-x",
  "--uxm-tag-medium-padding-y",
  "--uxm-tag-neutral-bg",
  "--uxm-tag-neutral-border",
  "--uxm-tag-neutral-text",
  "--uxm-tag-small-font-size",
  "--uxm-tag-small-gap",
  "--uxm-tag-small-icon-size",
  "--uxm-tag-small-padding-x",
  "--uxm-tag-small-padding-y",
  "--uxm-tag-success-bg",
  "--uxm-tag-success-border",
  "--uxm-tag-success-text",
  "--uxm-tag-warning-bg",
  "--uxm-tag-warning-border",
  "--uxm-tag-warning-text",
  "--uxm-textarea-bg",
  "--uxm-textarea-border-color",
  "--uxm-textarea-border-radius",
  "--uxm-textarea-color",
  "--uxm-textarea-disabled-bg",
  "--uxm-textarea-disabled-border",
  "--uxm-textarea-disabled-color",
  "--uxm-textarea-disabled-opacity",
  "--uxm-textarea-error-bg",
  "--uxm-textarea-error-border",
  "--uxm-textarea-error-color",
  "--uxm-textarea-error-message-size",
  "--uxm-textarea-focus-border",
  "--uxm-textarea-focus-ring",
  "--uxm-textarea-font-size",
  "--uxm-textarea-hover-bg",
  "--uxm-textarea-hover-border",
  "--uxm-textarea-min-height",
  "--uxm-textarea-padding-x",
  "--uxm-textarea-padding-y",
  "--uxm-thumbnail-background-color",
  "--uxm-thumbnail-border-color",
  "--uxm-thumbnail-border-radius",
  "--uxm-thumbnail-border-width",
  "--uxm-thumbnail-placeholder-color",
  "--uxm-thumbnail-size",
  "--uxm-time-input-background-color",
  "--uxm-time-input-border-color",
  "--uxm-time-input-border-radius",
  "--uxm-time-input-color",
  "--uxm-time-input-disabled-bg",
  "--uxm-time-input-disabled-border",
  "--uxm-time-input-disabled-color",
  "--uxm-time-input-disabled-opacity",
  "--uxm-time-input-error-bg",
  "--uxm-time-input-error-border",
  "--uxm-time-input-error-color",
  "--uxm-time-input-error-message-size",
  "--uxm-time-input-focus-border",
  "--uxm-time-input-focus-ring",
  "--uxm-time-input-font-size",
  "--uxm-time-input-hover-bg",
  "--uxm-time-input-hover-border",
  "--uxm-time-input-icon-color",
  "--uxm-time-input-icon-hover-color",
  "--uxm-time-input-icon-offset",
  "--uxm-time-input-icon-size",
  "--uxm-time-input-meridiem-color",
  "--uxm-time-input-meridiem-width",
  "--uxm-time-input-padding-x",
  "--uxm-time-input-padding-y",
  "--uxm-time-input-popover-bg",
  "--uxm-time-input-popover-border",
  "--uxm-time-input-popover-head-bg",
  "--uxm-time-input-popover-radius",
  "--uxm-time-input-popover-row-hover-bg",
  "--uxm-time-input-popover-row-selected-bg",
  "--uxm-time-input-popover-row-selected-color",
  "--uxm-timeline-entry-content-bg",
  "--uxm-timeline-entry-content-border-color",
  "--uxm-timeline-entry-content-padding",
  "--uxm-timeline-entry-content-radius",
  "--uxm-timeline-entry-dot-color",
  "--uxm-timeline-entry-dot-idle-color",
  "--uxm-timeline-entry-dot-ring-color",
  "--uxm-timeline-entry-dot-size",
  "--uxm-timeline-entry-gap",
  "--uxm-timeline-entry-line-color",
  "--uxm-timeline-entry-line-width",
  "--uxm-timeline-entry-meta-color",
  "--uxm-timeline-entry-meta-size",
  "--uxm-timeline-entry-title-color",
  "--uxm-timeline-entry-title-size",
  "--uxm-toast-background-color",
  "--uxm-toast-border-color",
  "--uxm-toast-border-radius",
  "--uxm-toast-close-hover-background-color",
  "--uxm-toast-color",
  "--uxm-toast-error-accent",
  "--uxm-toast-font-size",
  "--uxm-toast-icon-size",
  "--uxm-toast-info-accent",
  "--uxm-toast-padding-x",
  "--uxm-toast-padding-y",
  "--uxm-toast-success-accent",
  "--uxm-toast-warning-accent",
  "--uxm-toggle-switch-disabled-opacity",
  "--uxm-toggle-switch-error-color",
  "--uxm-toggle-switch-error-message-size",
  "--uxm-toggle-switch-focus-ring",
  "--uxm-toggle-switch-height",
  "--uxm-toggle-switch-hover-off-thumb",
  "--uxm-toggle-switch-hover-off-track",
  "--uxm-toggle-switch-hover-on-thumb",
  "--uxm-toggle-switch-hover-on-track",
  "--uxm-toggle-switch-off-thumb",
  "--uxm-toggle-switch-off-track",
  "--uxm-toggle-switch-on-thumb",
  "--uxm-toggle-switch-on-track",
  "--uxm-toggle-switch-width",
  "--uxm-tooltip-background-color",
  "--uxm-tooltip-border-radius",
  "--uxm-tooltip-color",
  "--uxm-tooltip-font-size",
  "--uxm-tooltip-padding-x",
  "--uxm-tooltip-padding-y",
  "--uxm-typeoverview-accent-color",
  "--uxm-typeoverview-accent-width",
  "--uxm-typeoverview-bg",
  "--uxm-typeoverview-border-color",
  "--uxm-typeoverview-label-color",
  "--uxm-typeoverview-label-size",
  "--uxm-typeoverview-padding",
  "--uxm-typeoverview-radius",
  "--uxm-typeoverview-value-color",
  "--uxm-typeoverview-value-size",
  "--uxm-view-switcher-active-bg",
  "--uxm-view-switcher-active-icon",
  "--uxm-view-switcher-button-radius",
  "--uxm-view-switcher-button-size",
  "--uxm-view-switcher-disabled-icon",
  "--uxm-view-switcher-disabled-opacity",
  "--uxm-view-switcher-focus-icon",
  "--uxm-view-switcher-focus-ring",
  "--uxm-view-switcher-gap",
  "--uxm-view-switcher-hover-bg",
  "--uxm-view-switcher-hover-icon",
  "--uxm-view-switcher-icon-size",
  "--uxm-view-switcher-inactive-icon",
  "--uxm-view-switcher-track-bg",
  "--uxm-view-switcher-track-border",
  "--uxm-view-switcher-track-padding",
  "--uxm-view-switcher-track-radius",
]
`;
